<html>
<body>
<pre>
<h1>µVision Build Log</h1>
<h2>Project:</h2>
C:\Users\ISH\Downloads\vede\test\keil\Tessy_keil.uvproj
Project File Date:  11/14/2019

<h2>Output:</h2>
Rebuild target 'Target 1'
assembling startup_stm32f4xx.s...
compiling system_stm32f4xx.c...
compiling main.c...
main.c(2): error:  #5: cannot open source input file "process_can.h": No such file or directory
compiling process_can.c...
src\process_can.h(59): error:  #20: identifier "bool" is undefined
src\process_can.h(64): error:  #20: identifier "mboxdata" is undefined
src\process_can.c(16): error:  #20: identifier "tglobalvar" is undefined
src\process_can.c(56): error:  #20: identifier "mboxdata" is undefined
src\process_can.c(58): error:  #20: identifier "NULL" is undefined
src\process_can.c(60): error:  #132: expression must have pointer-to-struct-or-union type
src\process_can.c(60): error:  #132: expression must have pointer-to-struct-or-union type
src\process_can.c(66): error:  #132: expression must have pointer-to-struct-or-union type
src\process_can.c(67): error:  #132: expression must have pointer-to-struct-or-union type
src\process_can.c(72): error:  #132: expression must have pointer-to-struct-or-union type
src\process_can.c(74): error:  #132: expression must have pointer-to-struct-or-union type
src\process_can.c(83): error:  #132: expression must have pointer-to-struct-or-union type
src\process_can.c(85): error:  #132: expression must have pointer-to-struct-or-union type
src\process_can.c(88): error:  #132: expression must have pointer-to-struct-or-union type
src\process_can.c(97): error:  #132: expression must have pointer-to-struct-or-union type
src\process_can.c(99): error:  #132: expression must have pointer-to-struct-or-union type
src\process_can.c(102): error:  #132: expression must have pointer-to-struct-or-union type
src\process_can.c(111): error:  #132: expression must have pointer-to-struct-or-union type
src\process_can.c(113): error:  #132: expression must have pointer-to-struct-or-union type
src\process_can.c(119): error:  #132: expression must have pointer-to-struct-or-union type
src\process_can.c(121): error:  #132: expression must have pointer-to-struct-or-union type
src\process_can.c(132): error:  #132: expression must have pointer-to-struct-or-union type
src\process_can.c(134): error:  #132: expression must have pointer-to-struct-or-union type
src\process_can.c(138): error:  #132: expression must have pointer-to-struct-or-union type
src\process_can.c(142): error:  #132: expression must have pointer-to-struct-or-union type
src\process_can.c(142): error:  #132: expression must have pointer-to-struct-or-union type
src\process_can.c(144): error:  #132: expression must have pointer-to-struct-or-union type
src\process_can.c(173): error:  #20: identifier "NULL" is undefined
src\process_can.c(176): error:  #20: identifier "false" is undefined
Target not created
Rebuild target 'Target 1'
assembling startup_stm32f4xx.s...
compiling system_stm32f4xx.c...
compiling main.c...
compiling process_can.c...
src\process_can.c(60): warning:  #186-D: pointless comparison of unsigned integer with zero
linking...
Program Size: Code=1504 RO-data=424 RW-data=28 ZI-data=1732  
"Tessy_keil.axf" - 0 Error(s), 1 Warning(s).
Rebuild target 'Target 1'
assembling startup_stm32f4xx.s...
compiling system_stm32f4xx.c...
compiling main.c...
compiling process_can.c...
src\process_can.c(60): warning:  #186-D: pointless comparison of unsigned integer with zero
linking...
Program Size: Code=1504 RO-data=424 RW-data=28 ZI-data=1676  
"Tessy_keil.axf" - 0 Error(s), 1 Warning(s).
Rebuild target 'Target 1'
assembling startup_stm32f4xx.s...
compiling system_stm32f4xx.c...
compiling main.c...
.\src\process_can.h(59): error:  #20: identifier "bool" is undefined
.\src\process_can.h(64): error:  #20: identifier "mboxdata" is undefined
main.c(5): error:  #20: identifier "mboxdata" is undefined
compiling process_can.c...
src\process_can.h(59): error:  #20: identifier "bool" is undefined
src\process_can.h(64): error:  #20: identifier "mboxdata" is undefined
src\process_can.c(16): error:  #20: identifier "tglobalvar" is undefined
src\process_can.c(56): error:  #20: identifier "mboxdata" is undefined
src\process_can.c(58): error:  #20: identifier "NULL" is undefined
src\process_can.c(60): error:  #132: expression must have pointer-to-struct-or-union type
src\process_can.c(60): error:  #132: expression must have pointer-to-struct-or-union type
src\process_can.c(63): error:  #132: expression must have pointer-to-struct-or-union type
src\process_can.c(64): error:  #132: expression must have pointer-to-struct-or-union type
src\process_can.c(72): error:  #132: expression must have pointer-to-struct-or-union type
src\process_can.c(74): error:  #132: expression must have pointer-to-struct-or-union type
src\process_can.c(83): error:  #132: expression must have pointer-to-struct-or-union type
src\process_can.c(85): error:  #132: expression must have pointer-to-struct-or-union type
src\process_can.c(88): error:  #132: expression must have pointer-to-struct-or-union type
src\process_can.c(97): error:  #132: expression must have pointer-to-struct-or-union type
src\process_can.c(99): error:  #132: expression must have pointer-to-struct-or-union type
src\process_can.c(102): error:  #132: expression must have pointer-to-struct-or-union type
src\process_can.c(111): error:  #132: expression must have pointer-to-struct-or-union type
src\process_can.c(113): error:  #132: expression must have pointer-to-struct-or-union type
src\process_can.c(117): error:  #132: expression must have pointer-to-struct-or-union type
src\process_can.c(145): error:  #132: expression must have pointer-to-struct-or-union type
src\process_can.c(149): error:  #132: expression must have pointer-to-struct-or-union type
src\process_can.c(149): error:  #132: expression must have pointer-to-struct-or-union type
src\process_can.c(151): error:  #132: expression must have pointer-to-struct-or-union type
src\process_can.c(180): error:  #20: identifier "NULL" is undefined
src\process_can.c(183): error:  #20: identifier "false" is undefined
src\process_can.c(188): warning:  #223-D: function "hd44780_write_string" declared implicitly
src\process_can.c(188): error:  #20: identifier "NO_CR_LF" is undefined
Target not created
Rebuild target 'Target 1'
assembling startup_stm32f4xx.s...
compiling system_stm32f4xx.c...
compiling main.c...
main.c(11): error:  #20: identifier "tCanData" is undefined
compiling process_can.c...
src\process_can.c(60): warning:  #186-D: pointless comparison of unsigned integer with zero
src\process_can.c(66): error:  #136: struct "_data" has no field "DATA_A"
src\process_can.c(67): error:  #136: struct "_data" has no field "DATA_A"
src\process_can.c(182): warning:  #177-D: variable "lcd_Spalte" was declared but never referenced
Target not created
Rebuild target 'Target 1'
assembling startup_stm32f4xx.s...
compiling system_stm32f4xx.c...
compiling main.c...
compiling process_can.c...
src\process_can.c(60): warning:  #186-D: pointless comparison of unsigned integer with zero
src\process_can.c(182): warning:  #177-D: variable "lcd_Spalte" was declared but never referenced
linking...
Program Size: Code=1436 RO-data=424 RW-data=28 ZI-data=1676  
"Tessy_keil.axf" - 0 Error(s), 2 Warning(s).
