Clean started: Project: 'Tessy_keil'
   deleting intermediate output files for target 'Target 1'
   deleting intermediate output files for target 'Tessy_Simulator'
Build target 'Target 1'
assembling startup_stm32f4xx.s...
compiling system_stm32f4xx.c...
compiling main.c...
compiling process_can.c...
src\process_can.h(35): error:  #20: identifier "bool" is undefined
src\process_can.h(58): error:  #20: identifier "mboxdata" is undefined
src\process_can.c(43): error:  #20: identifier "mboxdata" is undefined
src\process_can.c(45): error:  #20: identifier "NULL" is undefined
src\process_can.c(47): error:  #132: expression must have pointer-to-struct-or-union type
src\process_can.c(47): error:  #132: expression must have pointer-to-struct-or-union type
src\process_can.c(50): error:  #132: expression must have pointer-to-struct-or-union type
src\process_can.c(51): error:  #132: expression must have pointer-to-struct-or-union type
src\process_can.c(56): error:  #20: identifier "erstes_Byte" is undefined
src\process_can.c(59): error:  #132: expression must have pointer-to-struct-or-union type
src\process_can.c(63): error:  #132: expression must have pointer-to-struct-or-union type
src\process_can.c(66): error:  #20: identifier "zweites_Byte" is undefined
src\process_can.c(68): error:  #132: expression must have pointer-to-struct-or-union type
src\process_can.c(72): error:  #132: expression must have pointer-to-struct-or-union type
src\process_can.c(78): error:  #132: expression must have pointer-to-struct-or-union type
src\process_can.c(91): error:  #132: expression must have pointer-to-struct-or-union type
src\process_can.c(95): error:  #132: expression must have pointer-to-struct-or-union type
src\process_can.c(100): error:  #132: expression must have pointer-to-struct-or-union type
src\process_can.c(101): error:  #132: expression must have pointer-to-struct-or-union type
src\process_can.c(104): error:  #132: expression must have pointer-to-struct-or-union type
src\process_can.c(104): error:  #132: expression must have pointer-to-struct-or-union type
src\process_can.c(105): warning:  #223-D: function "start_\u00dcbertragung_Stromsollwert" declared implicitly
src\process_can.c(106): error:  #132: expression must have pointer-to-struct-or-union type
src\process_can.c(108): error:  #20: identifier "DINT" is undefined
src\process_can.c(112): error:  #20: identifier "EINT" is undefined
src\process_can.c(135): error:  #20: identifier "NULL" is undefined
src\process_can.c(138): error:  #20: identifier "false" is undefined
src\process_can.c(150): warning:  #223-D: function "hd44780_write_string" declared implicitly
src\process_can.c(150): error:  #20: identifier "NO_CR_LF" is undefined
src\process_can.c(154): warning:  #223-D: function "hd44780_write_string" declared implicitly
src\process_can.c(154): error:  #20: identifier "NO_CR_LF" is undefined
Target not created
Rebuild target 'Target 1'
assembling startup_stm32f4xx.s...
compiling system_stm32f4xx.c...
compiling main.c...
compiling process_can.c...
src\process_can.h(35): error:  #20: identifier "bool" is undefined
src\process_can.h(58): error:  #20: identifier "mboxdata" is undefined
src\process_can.c(43): error:  #20: identifier "mboxdata" is undefined
src\process_can.c(45): error:  #20: identifier "NULL" is undefined
src\process_can.c(47): error:  #132: expression must have pointer-to-struct-or-union type
src\process_can.c(47): error:  #132: expression must have pointer-to-struct-or-union type
src\process_can.c(50): error:  #132: expression must have pointer-to-struct-or-union type
src\process_can.c(51): error:  #132: expression must have pointer-to-struct-or-union type
src\process_can.c(56): error:  #20: identifier "erstes_Byte" is undefined
src\process_can.c(59): error:  #132: expression must have pointer-to-struct-or-union type
src\process_can.c(63): error:  #132: expression must have pointer-to-struct-or-union type
src\process_can.c(66): error:  #20: identifier "zweites_Byte" is undefined
src\process_can.c(68): error:  #132: expression must have pointer-to-struct-or-union type
src\process_can.c(72): error:  #132: expression must have pointer-to-struct-or-union type
src\process_can.c(78): error:  #132: expression must have pointer-to-struct-or-union type
src\process_can.c(91): error:  #132: expression must have pointer-to-struct-or-union type
src\process_can.c(95): error:  #132: expression must have pointer-to-struct-or-union type
src\process_can.c(100): error:  #132: expression must have pointer-to-struct-or-union type
src\process_can.c(101): error:  #132: expression must have pointer-to-struct-or-union type
src\process_can.c(104): error:  #132: expression must have pointer-to-struct-or-union type
src\process_can.c(104): error:  #132: expression must have pointer-to-struct-or-union type
src\process_can.c(105): warning:  #223-D: function "start_\u00dcbertragung_Stromsollwert" declared implicitly
src\process_can.c(106): error:  #132: expression must have pointer-to-struct-or-union type
src\process_can.c(108): error:  #20: identifier "DINT" is undefined
src\process_can.c(112): error:  #20: identifier "EINT" is undefined
src\process_can.c(135): error:  #20: identifier "NULL" is undefined
src\process_can.c(138): error:  #20: identifier "false" is undefined
Target not created
Rebuild target 'Target 1'
assembling startup_stm32f4xx.s...
compiling system_stm32f4xx.c...
compiling main.c...
compiling process_can.c...
src\process_can.h(35): error:  #20: identifier "bool" is undefined
src\process_can.h(62): error:  #20: identifier "mboxdata" is undefined
src\process_can.c(43): error:  #20: identifier "mboxdata" is undefined
src\process_can.c(47): error:  #132: expression must have pointer-to-struct-or-union type
src\process_can.c(47): error:  #132: expression must have pointer-to-struct-or-union type
src\process_can.c(50): error:  #132: expression must have pointer-to-struct-or-union type
src\process_can.c(51): error:  #132: expression must have pointer-to-struct-or-union type
src\process_can.c(56): error:  #20: identifier "erstes_Byte" is undefined
src\process_can.c(59): error:  #132: expression must have pointer-to-struct-or-union type
src\process_can.c(63): error:  #132: expression must have pointer-to-struct-or-union type
src\process_can.c(66): error:  #20: identifier "zweites_Byte" is undefined
src\process_can.c(68): error:  #132: expression must have pointer-to-struct-or-union type
src\process_can.c(72): error:  #132: expression must have pointer-to-struct-or-union type
src\process_can.c(78): error:  #132: expression must have pointer-to-struct-or-union type
src\process_can.c(91): error:  #132: expression must have pointer-to-struct-or-union type
src\process_can.c(95): error:  #132: expression must have pointer-to-struct-or-union type
src\process_can.c(100): error:  #132: expression must have pointer-to-struct-or-union type
src\process_can.c(101): error:  #132: expression must have pointer-to-struct-or-union type
src\process_can.c(104): error:  #132: expression must have pointer-to-struct-or-union type
src\process_can.c(104): error:  #132: expression must have pointer-to-struct-or-union type
src\process_can.c(105): warning:  #223-D: function "start_\u00dcbertragung_Stromsollwert" declared implicitly
src\process_can.c(106): error:  #132: expression must have pointer-to-struct-or-union type
src\process_can.c(108): error:  #20: identifier "DINT" is undefined
src\process_can.c(112): error:  #20: identifier "EINT" is undefined
Target not created
Rebuild target 'Target 1'
assembling startup_stm32f4xx.s...
compiling system_stm32f4xx.c...
compiling main.c...
compiling process_can.c...
src\process_can.h(35): error:  #20: identifier "bool" is undefined
src\process_can.h(62): error:  #20: identifier "mboxdata" is undefined
src\process_can.c(43): error:  #20: identifier "mboxdata" is undefined
src\process_can.c(47): error:  #132: expression must have pointer-to-struct-or-union type
src\process_can.c(47): error:  #132: expression must have pointer-to-struct-or-union type
src\process_can.c(50): error:  #132: expression must have pointer-to-struct-or-union type
src\process_can.c(51): error:  #132: expression must have pointer-to-struct-or-union type
src\process_can.c(56): error:  #20: identifier "erstes_Byte" is undefined
src\process_can.c(59): error:  #132: expression must have pointer-to-struct-or-union type
src\process_can.c(63): error:  #132: expression must have pointer-to-struct-or-union type
src\process_can.c(66): error:  #20: identifier "zweites_Byte" is undefined
src\process_can.c(68): error:  #132: expression must have pointer-to-struct-or-union type
src\process_can.c(72): error:  #132: expression must have pointer-to-struct-or-union type
src\process_can.c(78): error:  #132: expression must have pointer-to-struct-or-union type
src\process_can.c(91): error:  #132: expression must have pointer-to-struct-or-union type
src\process_can.c(95): error:  #132: expression must have pointer-to-struct-or-union type
src\process_can.c(100): error:  #132: expression must have pointer-to-struct-or-union type
src\process_can.c(101): error:  #132: expression must have pointer-to-struct-or-union type
src\process_can.c(104): error:  #132: expression must have pointer-to-struct-or-union type
src\process_can.c(104): error:  #132: expression must have pointer-to-struct-or-union type
src\process_can.c(105): warning:  #223-D: function "start_\u00dcbertragung_Stromsollwert" declared implicitly
src\process_can.c(106): error:  #132: expression must have pointer-to-struct-or-union type
Target not created
Rebuild target 'Target 1'
assembling startup_stm32f4xx.s...
compiling system_stm32f4xx.c...
compiling main.c...
compiling process_can.c...
src\process_can.h(35): error:  #20: identifier "bool" is undefined
src\process_can.c(47): warning:  #186-D: pointless comparison of unsigned integer with zero
src\process_can.c(56): error:  #20: identifier "erstes_Byte" is undefined
src\process_can.c(66): error:  #20: identifier "zweites_Byte" is undefined
src\process_can.c(105): warning:  #223-D: function "start_\u00dcbertragung_Stromsollwert" declared implicitly
src\process_can.c(50): warning:  #177-D: variable "ucFirstByte" was declared but never referenced
src\process_can.c(51): warning:  #177-D: variable "ucSecondByte" was declared but never referenced
Target not created
Rebuild target 'Target 1'
assembling startup_stm32f4xx.s...
compiling system_stm32f4xx.c...
compiling main.c...
compiling process_can.c...
src\process_can.h(35): error:  #20: identifier "bool" is undefined
src\process_can.c(47): warning:  #186-D: pointless comparison of unsigned integer with zero
src\process_can.c(105): warning:  #223-D: function "start_\u00dcbertragung_Stromsollwert" declared implicitly
Target not created
Rebuild target 'Target 1'
assembling startup_stm32f4xx.s...
compiling system_stm32f4xx.c...
compiling main.c...
compiling process_can.c...
src\process_can.c(47): warning:  #186-D: pointless comparison of unsigned integer with zero
src\process_can.c(105): warning:  #223-D: function "start_\u00dcbertragung_Stromsollwert" declared implicitly
linking...
Tessy_keil.axf: Error: L6218E: Undefined symbol start__u00dcbertragung_Stromsollwert (referred from process_can.o).
Target not created
Rebuild target 'Target 1'
assembling startup_stm32f4xx.s...
compiling system_stm32f4xx.c...
compiling main.c...
compiling process_can.c...
src\process_can.c(47): warning:  #186-D: pointless comparison of unsigned integer with zero
linking...
Program Size: Code=856 RO-data=424 RW-data=20 ZI-data=1636  
"Tessy_keil.axf" - 0 Error(s), 1 Warning(s).
Rebuild target 'Target 1'
assembling startup_stm32f4xx.s...
compiling system_stm32f4xx.c...
compiling main.c...
compiling process_can.c...
src\process_can.c(47): warning:  #186-D: pointless comparison of unsigned integer with zero
linking...
Program Size: Code=1280 RO-data=424 RW-data=28 ZI-data=1716  
"Tessy_keil.axf" - 0 Error(s), 1 Warning(s).
Rebuild target 'Target 1'
assembling startup_stm32f4xx.s...
compiling system_stm32f4xx.c...
compiling main.c...
compiling process_can.c...
src\process_can.c(59): warning:  #186-D: pointless comparison of unsigned integer with zero
linking...
Program Size: Code=1332 RO-data=424 RW-data=28 ZI-data=1716  
"Tessy_keil.axf" - 0 Error(s), 1 Warning(s).
Rebuild target 'Target 1'
assembling startup_stm32f4xx.s...
compiling system_stm32f4xx.c...
compiling main.c...
compiling process_can.c...
src\process_can.c(59): warning:  #186-D: pointless comparison of unsigned integer with zero
linking...
Program Size: Code=1336 RO-data=424 RW-data=28 ZI-data=1716  
"Tessy_keil.axf" - 0 Error(s), 1 Warning(s).
Rebuild target 'Target 1'
assembling startup_stm32f4xx.s...
compiling system_stm32f4xx.c...
compiling main.c...
compiling process_can.c...
src\process_can.c(59): warning:  #186-D: pointless comparison of unsigned integer with zero
linking...
Program Size: Code=1340 RO-data=424 RW-data=28 ZI-data=1716  
"Tessy_keil.axf" - 0 Error(s), 1 Warning(s).
Rebuild target 'Target 1'
assembling startup_stm32f4xx.s...
compiling system_stm32f4xx.c...
compiling main.c...
compiling process_can.c...
src\process_can.c(59): warning:  #186-D: pointless comparison of unsigned integer with zero
linking...
Program Size: Code=1340 RO-data=424 RW-data=28 ZI-data=1716  
"Tessy_keil.axf" - 0 Error(s), 1 Warning(s).
Rebuild target 'Target 1'
assembling startup_stm32f4xx.s...
compiling system_stm32f4xx.c...
compiling main.c...
compiling process_can.c...
src\process_can.c(59): warning:  #186-D: pointless comparison of unsigned integer with zero
linking...
Program Size: Code=1368 RO-data=424 RW-data=28 ZI-data=1732  
"Tessy_keil.axf" - 0 Error(s), 1 Warning(s).
Build target 'Target 1'
compiling process_can.c...
src\process_can.c(59): warning:  #186-D: pointless comparison of unsigned integer with zero
linking...
Program Size: Code=1412 RO-data=424 RW-data=28 ZI-data=1732  
"Tessy_keil.axf" - 0 Error(s), 1 Warning(s).
Rebuild target 'Target 1'
assembling startup_stm32f4xx.s...
compiling system_stm32f4xx.c...
compiling main.c...
compiling process_can.c...
src\process_can.c(59): warning:  #186-D: pointless comparison of unsigned integer with zero
linking...
Program Size: Code=1468 RO-data=424 RW-data=28 ZI-data=1732  
"Tessy_keil.axf" - 0 Error(s), 1 Warning(s).
Rebuild target 'Target 1'
assembling startup_stm32f4xx.s...
compiling system_stm32f4xx.c...
compiling main.c...
compiling process_can.c...
src\process_can.c(60): warning:  #186-D: pointless comparison of unsigned integer with zero
linking...
Program Size: Code=1476 RO-data=424 RW-data=28 ZI-data=1732  
"Tessy_keil.axf" - 0 Error(s), 1 Warning(s).
Rebuild target 'Target 1'
assembling startup_stm32f4xx.s...
compiling system_stm32f4xx.c...
compiling main.c...
compiling process_can.c...
src\process_can.c(60): warning:  #186-D: pointless comparison of unsigned integer with zero
linking...
Program Size: Code=1488 RO-data=424 RW-data=28 ZI-data=1732  
"Tessy_keil.axf" - 0 Error(s), 1 Warning(s).
Rebuild target 'Target 1'
assembling startup_stm32f4xx.s...
compiling system_stm32f4xx.c...
compiling main.c...
compiling process_can.c...
src\process_can.c(60): warning:  #186-D: pointless comparison of unsigned integer with zero
linking...
Program Size: Code=1504 RO-data=424 RW-data=28 ZI-data=1732  
"Tessy_keil.axf" - 0 Error(s), 1 Warning(s).
Build target 'Target 1'
compiling main.c...
linking...
Program Size: Code=1504 RO-data=424 RW-data=28 ZI-data=1732  
"Tessy_keil.axf" - 0 Error(s), 0 Warning(s).
